[0.588s] Invoking command in '/home/ezy21kl/Documents/Anti-Intruder-Bot/src/moving': CONDA_PROMPT_MODIFIER=(base) PYTHONPATH=/home/ezy21kl/Documents/Anti-Intruder-Bot/build/moving/prefix_override:/usr/lib/python3/dist-packages/colcon_core/task/python/colcon_distutils_commands:/home/ezy21kl/Documents/Anti-Intruder-Bot/install/moving/lib/python3.10/site-packages:${PYTHONPATH} /usr/bin/python3 -W ignore:setup.py install is deprecated -W ignore:easy_install command is deprecated setup.py egg_info --egg-base ../../build/moving build --build-base /home/ezy21kl/Documents/Anti-Intruder-Bot/build/moving/build install --record /home/ezy21kl/Documents/Anti-Intruder-Bot/build/moving/install.log --single-version-externally-managed install_data
[0.843s] running egg_info
[0.843s] writing ../../build/moving/moving.egg-info/PKG-INFO
[0.843s] writing dependency_links to ../../build/moving/moving.egg-info/dependency_links.txt
[0.843s] writing entry points to ../../build/moving/moving.egg-info/entry_points.txt
[0.844s] writing requirements to ../../build/moving/moving.egg-info/requires.txt
[0.844s] writing top-level names to ../../build/moving/moving.egg-info/top_level.txt
[0.846s] reading manifest file '../../build/moving/moving.egg-info/SOURCES.txt'
[0.846s] adding license file 'LICENSE'
[0.847s] writing manifest file '../../build/moving/moving.egg-info/SOURCES.txt'
[0.847s] running build
[0.847s] running build_py
[0.847s] running install
[0.847s] running install_lib
[0.849s] running install_data
[0.849s] creating /home/ezy21kl/Documents/Anti-Intruder-Bot/install/moving/share/moving/launch
[0.849s] copying launch/pubsub_launch.py -> /home/ezy21kl/Documents/Anti-Intruder-Bot/install/moving/share/moving/launch
[0.849s] copying launch/ignition.launch.py -> /home/ezy21kl/Documents/Anti-Intruder-Bot/install/moving/share/moving/launch
[0.849s] copying launch/turtlebot4_ignition.launch.py -> /home/ezy21kl/Documents/Anti-Intruder-Bot/install/moving/share/moving/launch
[0.850s] creating /home/ezy21kl/Documents/Anti-Intruder-Bot/install/moving/share/moving/worlds
[0.850s] creating /home/ezy21kl/Documents/Anti-Intruder-Bot/install/moving/share/moving/models
[0.850s] copying models/TODELETE -> /home/ezy21kl/Documents/Anti-Intruder-Bot/install/moving/share/moving/models
[0.850s] creating /home/ezy21kl/Documents/Anti-Intruder-Bot/install/moving/share/moving/models/empty_room
[0.850s] copying models/empty_room/model.sdf -> /home/ezy21kl/Documents/Anti-Intruder-Bot/install/moving/share/moving/models/empty_room
[0.850s] copying models/empty_room/model.config -> /home/ezy21kl/Documents/Anti-Intruder-Bot/install/moving/share/moving/models/empty_room
[0.850s] creating /home/ezy21kl/Documents/Anti-Intruder-Bot/install/moving/share/moving/models/empty_room/materials
[0.850s] creating /home/ezy21kl/Documents/Anti-Intruder-Bot/install/moving/share/moving/models/empty_room/materials/textures
[0.850s] copying models/empty_room/materials/textures/plastered_wall_diff_1k.jpg -> /home/ezy21kl/Documents/Anti-Intruder-Bot/install/moving/share/moving/models/empty_room/materials/textures
[0.853s] copying models/empty_room/materials/textures/diagonal_parquet_diff_1k.jpg -> /home/ezy21kl/Documents/Anti-Intruder-Bot/install/moving/share/moving/models/empty_room/materials/textures
[0.855s] creating /home/ezy21kl/Documents/Anti-Intruder-Bot/install/moving/share/moving/models/empty_room/meshes
[0.855s] copying models/empty_room/meshes/empty_room.dae -> /home/ezy21kl/Documents/Anti-Intruder-Bot/install/moving/share/moving/models/empty_room/meshes
[0.856s] running install_egg_info
[0.857s] removing '/home/ezy21kl/Documents/Anti-Intruder-Bot/install/moving/lib/python3.10/site-packages/moving-0.0.0-py3.10.egg-info' (and everything under it)
[0.857s] Copying ../../build/moving/moving.egg-info to /home/ezy21kl/Documents/Anti-Intruder-Bot/install/moving/lib/python3.10/site-packages/moving-0.0.0-py3.10.egg-info
[0.858s] running install_scripts
[0.876s] Installing moving script to /home/ezy21kl/Documents/Anti-Intruder-Bot/install/moving/lib/moving
[0.877s] writing list of installed files to '/home/ezy21kl/Documents/Anti-Intruder-Bot/build/moving/install.log'
[0.896s] Invoked command in '/home/ezy21kl/Documents/Anti-Intruder-Bot/src/moving' returned '0': CONDA_PROMPT_MODIFIER=(base) PYTHONPATH=/home/ezy21kl/Documents/Anti-Intruder-Bot/build/moving/prefix_override:/usr/lib/python3/dist-packages/colcon_core/task/python/colcon_distutils_commands:/home/ezy21kl/Documents/Anti-Intruder-Bot/install/moving/lib/python3.10/site-packages:${PYTHONPATH} /usr/bin/python3 -W ignore:setup.py install is deprecated -W ignore:easy_install command is deprecated setup.py egg_info --egg-base ../../build/moving build --build-base /home/ezy21kl/Documents/Anti-Intruder-Bot/build/moving/build install --record /home/ezy21kl/Documents/Anti-Intruder-Bot/build/moving/install.log --single-version-externally-managed install_data
