[0.785s] Invoking command in '/home/ezy21kl/Documents/Anti-Intruder-Bot/build/Moving': CONDA_PROMPT_MODIFIER=(base) PYTHONPATH=/home/ezy21kl/Documents/Anti-Intruder-Bot/build/Moving/prefix_override:/usr/lib/python3/dist-packages/colcon_core/task/python/colcon_distutils_commands:/home/ezy21kl/Documents/Anti-Intruder-Bot/install/Moving/lib/python3.10/site-packages:${PYTHONPATH} /usr/bin/python3 -W ignore:setup.py install is deprecated -W ignore:easy_install command is deprecated setup.py develop --editable --build-directory /home/ezy21kl/Documents/Anti-Intruder-Bot/build/Moving/build --no-deps symlink_data
[1.037s] running develop
[1.209s] running egg_info
[1.209s] creating pubsub_turtle.egg-info
[1.209s] writing pubsub_turtle.egg-info/PKG-INFO
[1.209s] writing dependency_links to pubsub_turtle.egg-info/dependency_links.txt
[1.209s] writing entry points to pubsub_turtle.egg-info/entry_points.txt
[1.209s] writing requirements to pubsub_turtle.egg-info/requires.txt
[1.209s] writing top-level names to pubsub_turtle.egg-info/top_level.txt
[1.210s] writing manifest file 'pubsub_turtle.egg-info/SOURCES.txt'
[1.211s] reading manifest file 'pubsub_turtle.egg-info/SOURCES.txt'
[1.211s] writing manifest file 'pubsub_turtle.egg-info/SOURCES.txt'
[1.212s] running build_ext
[1.213s] Creating /home/ezy21kl/Documents/Anti-Intruder-Bot/install/Moving/lib/python3.10/site-packages/pubsub-turtle.egg-link (link to .)
[1.213s] Installing computation_controller script to /home/ezy21kl/Documents/Anti-Intruder-Bot/install/Moving/lib/pubsub_turtle
[1.213s] Installing move_controller script to /home/ezy21kl/Documents/Anti-Intruder-Bot/install/Moving/lib/pubsub_turtle
[1.213s] 
[1.214s] Installed /home/ezy21kl/Documents/Anti-Intruder-Bot/build/Moving
[1.214s] running symlink_data
[1.214s] error: can't copy '/home/ezy21kl/Documents/Anti-Intruder-Bot/build/Moving/resource/pubsub_turtle': doesn't exist or not a regular file
[1.234s] Invoked command in '/home/ezy21kl/Documents/Anti-Intruder-Bot/build/Moving' returned '1': CONDA_PROMPT_MODIFIER=(base) PYTHONPATH=/home/ezy21kl/Documents/Anti-Intruder-Bot/build/Moving/prefix_override:/usr/lib/python3/dist-packages/colcon_core/task/python/colcon_distutils_commands:/home/ezy21kl/Documents/Anti-Intruder-Bot/install/Moving/lib/python3.10/site-packages:${PYTHONPATH} /usr/bin/python3 -W ignore:setup.py install is deprecated -W ignore:easy_install command is deprecated setup.py develop --editable --build-directory /home/ezy21kl/Documents/Anti-Intruder-Bot/build/Moving/build --no-deps symlink_data
