/home/ezy21kl/Documents/Anti-Intruder-Bot/install/moving/lib/python3.10/site-packages/move_classes/computation1_controller.py
/home/ezy21kl/Documents/Anti-Intruder-Bot/install/moving/lib/python3.10/site-packages/move_classes/move1_controller.py
/home/ezy21kl/Documents/Anti-Intruder-Bot/install/moving/lib/python3.10/site-packages/move_classes/__init__.py
/home/ezy21kl/Documents/Anti-Intruder-Bot/install/moving/lib/python3.10/site-packages/move_classes/moving.py
/home/ezy21kl/Documents/Anti-Intruder-Bot/install/moving/lib/python3.10/site-packages/moving/__init__.py
/home/ezy21kl/Documents/Anti-Intruder-Bot/install/moving/lib/python3.10/site-packages/moving/moving.py
/home/ezy21kl/Documents/Anti-Intruder-Bot/install/moving/lib/python3.10/site-packages/move_classes/__pycache__/computation1_controller.cpython-310.pyc
/home/ezy21kl/Documents/Anti-Intruder-Bot/install/moving/lib/python3.10/site-packages/move_classes/__pycache__/move1_controller.cpython-310.pyc
/home/ezy21kl/Documents/Anti-Intruder-Bot/install/moving/lib/python3.10/site-packages/move_classes/__pycache__/__init__.cpython-310.pyc
/home/ezy21kl/Documents/Anti-Intruder-Bot/install/moving/lib/python3.10/site-packages/move_classes/__pycache__/moving.cpython-310.pyc
/home/ezy21kl/Documents/Anti-Intruder-Bot/install/moving/lib/python3.10/site-packages/moving/__pycache__/__init__.cpython-310.pyc
/home/ezy21kl/Documents/Anti-Intruder-Bot/install/moving/lib/python3.10/site-packages/moving/__pycache__/moving.cpython-310.pyc
/home/ezy21kl/Documents/Anti-Intruder-Bot/install/moving/share/ament_index/resource_index/packages/moving
/home/ezy21kl/Documents/Anti-Intruder-Bot/install/moving/share/moving/package.xml
/home/ezy21kl/Documents/Anti-Intruder-Bot/install/moving/share/moving/launch/pubsub_launch.py
/home/ezy21kl/Documents/Anti-Intruder-Bot/install/moving/share/moving/launch/ignition.launch.py
/home/ezy21kl/Documents/Anti-Intruder-Bot/install/moving/share/moving/launch/turtlebot4_ignition.launch.py
/home/ezy21kl/Documents/Anti-Intruder-Bot/install/moving/share/moving/worlds/custom_env.world
/home/ezy21kl/Documents/Anti-Intruder-Bot/install/moving/share/moving/models/TODELETE
/home/ezy21kl/Documents/Anti-Intruder-Bot/install/moving/share/moving/models/empty_room/model.sdf
/home/ezy21kl/Documents/Anti-Intruder-Bot/install/moving/share/moving/models/empty_room/model.config
/home/ezy21kl/Documents/Anti-Intruder-Bot/install/moving/share/moving/models/empty_room/materials
/home/ezy21kl/Documents/Anti-Intruder-Bot/install/moving/share/moving/models/empty_room/materials/textures/plastered_wall_diff_1k.jpg
/home/ezy21kl/Documents/Anti-Intruder-Bot/install/moving/share/moving/models/empty_room/materials/textures/diagonal_parquet_diff_1k.jpg
/home/ezy21kl/Documents/Anti-Intruder-Bot/install/moving/share/moving/models/empty_room/meshes/empty_room.dae
/home/ezy21kl/Documents/Anti-Intruder-Bot/install/moving/lib/python3.10/site-packages/moving-0.0.0-py3.10.egg-info/requires.txt
/home/ezy21kl/Documents/Anti-Intruder-Bot/install/moving/lib/python3.10/site-packages/moving-0.0.0-py3.10.egg-info/PKG-INFO
/home/ezy21kl/Documents/Anti-Intruder-Bot/install/moving/lib/python3.10/site-packages/moving-0.0.0-py3.10.egg-info/top_level.txt
/home/ezy21kl/Documents/Anti-Intruder-Bot/install/moving/lib/python3.10/site-packages/moving-0.0.0-py3.10.egg-info/dependency_links.txt
/home/ezy21kl/Documents/Anti-Intruder-Bot/install/moving/lib/python3.10/site-packages/moving-0.0.0-py3.10.egg-info/SOURCES.txt
/home/ezy21kl/Documents/Anti-Intruder-Bot/install/moving/lib/python3.10/site-packages/moving-0.0.0-py3.10.egg-info/entry_points.txt
/home/ezy21kl/Documents/Anti-Intruder-Bot/install/moving/lib/python3.10/site-packages/moving-0.0.0-py3.10.egg-info/zip-safe
/home/ezy21kl/Documents/Anti-Intruder-Bot/install/moving/lib/moving/moving
