[0.094s] DEBUG:colcon:Command line arguments: ['/usr/bin/colcon', 'build']
[0.094s] DEBUG:colcon:Parsed command line arguments: Namespace(log_base=None, log_level=None, verb_name='build', build_base='build', install_base='install', merge_install=False, symlink_install=False, test_result_base=None, continue_on_error=False, executor='parallel', parallel_workers=8, event_handlers=None, ignore_user_meta=False, metas=['./colcon.meta'], base_paths=['.'], packages_ignore=None, packages_ignore_regex=None, paths=None, packages_up_to=None, packages_up_to_regex=None, packages_above=None, packages_above_and_dependencies=None, packages_above_depth=None, packages_select_by_dep=None, packages_skip_by_dep=None, packages_skip_up_to=None, packages_select_build_failed=False, packages_skip_build_finished=False, packages_select_test_failures=False, packages_skip_test_passed=False, packages_select=None, packages_skip=None, packages_select_regex=None, packages_skip_regex=None, packages_start=None, packages_end=None, allow_overriding=[], cmake_args=None, cmake_target=None, cmake_target_skip_unavailable=False, cmake_clean_cache=False, cmake_clean_first=False, cmake_force_configure=False, ament_cmake_args=None, catkin_cmake_args=None, catkin_skip_building_tests=False, mixin_files=None, mixin=None, verb_parser=<colcon_mixin.mixin.mixin_argument.MixinArgumentDecorator object at 0x772607e665c0>, verb_extension=<colcon_core.verb.build.BuildVerb object at 0x772607e66110>, main=<bound method BuildVerb.main of <colcon_core.verb.build.BuildVerb object at 0x772607e66110>>, mixin_verb=('build',))
[0.257s] Level 1:colcon.colcon_core.package_discovery:discover_packages(colcon_meta) check parameters
[0.257s] Level 1:colcon.colcon_core.package_discovery:discover_packages(recursive) check parameters
[0.257s] Level 1:colcon.colcon_core.package_discovery:discover_packages(ignore) check parameters
[0.257s] Level 1:colcon.colcon_core.package_discovery:discover_packages(path) check parameters
[0.257s] Level 1:colcon.colcon_core.package_discovery:discover_packages(colcon_meta) discover
[0.257s] Level 1:colcon.colcon_core.package_discovery:discover_packages(recursive) discover
[0.257s] INFO:colcon.colcon_core.package_discovery:Crawling recursively for packages in '/home/ezy21kl/Documents/Anti-Intruder-Bot'
[0.257s] Level 1:colcon.colcon_core.package_identification:_identify(.) by extensions ['ignore', 'ignore_ament_install']
[0.257s] Level 1:colcon.colcon_core.package_identification:_identify(.) by extension 'ignore'
[0.257s] Level 1:colcon.colcon_core.package_identification:_identify(.) by extension 'ignore_ament_install'
[0.257s] Level 1:colcon.colcon_core.package_identification:_identify(.) by extensions ['colcon_pkg']
[0.257s] Level 1:colcon.colcon_core.package_identification:_identify(.) by extension 'colcon_pkg'
[0.257s] Level 1:colcon.colcon_core.package_identification:_identify(.) by extensions ['colcon_meta']
[0.258s] Level 1:colcon.colcon_core.package_identification:_identify(.) by extension 'colcon_meta'
[0.258s] Level 1:colcon.colcon_core.package_identification:_identify(.) by extensions ['ros']
[0.258s] Level 1:colcon.colcon_core.package_identification:_identify(.) by extension 'ros'
[0.267s] Level 1:colcon.colcon_core.package_identification:_identify(.) by extensions ['cmake', 'python']
[0.267s] Level 1:colcon.colcon_core.package_identification:_identify(.) by extension 'cmake'
[0.267s] Level 1:colcon.colcon_core.package_identification:_identify(.) by extension 'python'
[0.267s] Level 1:colcon.colcon_core.package_identification:_identify(.) by extensions ['python_setup_py']
[0.267s] Level 1:colcon.colcon_core.package_identification:_identify(.) by extension 'python_setup_py'
[0.267s] Level 1:colcon.colcon_core.package_identification:_identify(build) by extensions ['ignore', 'ignore_ament_install']
[0.267s] Level 1:colcon.colcon_core.package_identification:_identify(build) by extension 'ignore'
[0.267s] Level 1:colcon.colcon_core.package_identification:_identify(build) ignored
[0.267s] Level 1:colcon.colcon_core.package_identification:_identify(install) by extensions ['ignore', 'ignore_ament_install']
[0.268s] Level 1:colcon.colcon_core.package_identification:_identify(install) by extension 'ignore'
[0.268s] Level 1:colcon.colcon_core.package_identification:_identify(install) ignored
[0.268s] Level 1:colcon.colcon_core.package_identification:_identify(log) by extensions ['ignore', 'ignore_ament_install']
[0.268s] Level 1:colcon.colcon_core.package_identification:_identify(log) by extension 'ignore'
[0.268s] Level 1:colcon.colcon_core.package_identification:_identify(log) ignored
[0.268s] Level 1:colcon.colcon_core.package_identification:_identify(src) by extensions ['ignore', 'ignore_ament_install']
[0.268s] Level 1:colcon.colcon_core.package_identification:_identify(src) by extension 'ignore'
[0.268s] Level 1:colcon.colcon_core.package_identification:_identify(src) by extension 'ignore_ament_install'
[0.268s] Level 1:colcon.colcon_core.package_identification:_identify(src) by extensions ['colcon_pkg']
[0.268s] Level 1:colcon.colcon_core.package_identification:_identify(src) by extension 'colcon_pkg'
[0.268s] Level 1:colcon.colcon_core.package_identification:_identify(src) by extensions ['colcon_meta']
[0.268s] Level 1:colcon.colcon_core.package_identification:_identify(src) by extension 'colcon_meta'
[0.268s] Level 1:colcon.colcon_core.package_identification:_identify(src) by extensions ['ros']
[0.268s] Level 1:colcon.colcon_core.package_identification:_identify(src) by extension 'ros'
[0.268s] Level 1:colcon.colcon_core.package_identification:_identify(src) by extensions ['cmake', 'python']
[0.268s] Level 1:colcon.colcon_core.package_identification:_identify(src) by extension 'cmake'
[0.268s] Level 1:colcon.colcon_core.package_identification:_identify(src) by extension 'python'
[0.268s] Level 1:colcon.colcon_core.package_identification:_identify(src) by extensions ['python_setup_py']
[0.268s] Level 1:colcon.colcon_core.package_identification:_identify(src) by extension 'python_setup_py'
[0.268s] Level 1:colcon.colcon_core.package_identification:_identify(src/moving) by extensions ['ignore', 'ignore_ament_install']
[0.269s] Level 1:colcon.colcon_core.package_identification:_identify(src/moving) by extension 'ignore'
[0.269s] Level 1:colcon.colcon_core.package_identification:_identify(src/moving) by extension 'ignore_ament_install'
[0.269s] Level 1:colcon.colcon_core.package_identification:_identify(src/moving) by extensions ['colcon_pkg']
[0.269s] Level 1:colcon.colcon_core.package_identification:_identify(src/moving) by extension 'colcon_pkg'
[0.269s] Level 1:colcon.colcon_core.package_identification:_identify(src/moving) by extensions ['colcon_meta']
[0.269s] Level 1:colcon.colcon_core.package_identification:_identify(src/moving) by extension 'colcon_meta'
[0.269s] Level 1:colcon.colcon_core.package_identification:_identify(src/moving) by extensions ['ros']
[0.269s] Level 1:colcon.colcon_core.package_identification:_identify(src/moving) by extension 'ros'
[0.271s] DEBUG:colcon.colcon_core.package_identification:Package 'src/moving' with type 'ros.ament_python' and name 'moving'
[0.271s] Level 1:colcon.colcon_core.package_discovery:discover_packages(recursive) using defaults
[0.271s] Level 1:colcon.colcon_core.package_discovery:discover_packages(ignore) discover
[0.271s] Level 1:colcon.colcon_core.package_discovery:discover_packages(ignore) using defaults
[0.271s] Level 1:colcon.colcon_core.package_discovery:discover_packages(path) discover
[0.271s] Level 1:colcon.colcon_core.package_discovery:discover_packages(path) using defaults
[0.295s] Level 1:colcon.colcon_core.package_discovery:discover_packages(prefix_path) check parameters
[0.295s] Level 1:colcon.colcon_core.package_discovery:discover_packages(prefix_path) discover
[0.297s] DEBUG:colcon.colcon_installed_package_information.package_discovery:Found 1 installed packages in /home/ezy21kl/Documents/Anti-Intruder-Bot/install
[0.298s] DEBUG:colcon.colcon_installed_package_information.package_discovery:Found 425 installed packages in /opt/ros/humble
[0.300s] Level 1:colcon.colcon_core.package_discovery:discover_packages(prefix_path) using defaults
[0.348s] Level 5:colcon.colcon_core.verb:set package 'moving' build argument 'cmake_args' from command line to 'None'
[0.348s] Level 5:colcon.colcon_core.verb:set package 'moving' build argument 'cmake_target' from command line to 'None'
[0.348s] Level 5:colcon.colcon_core.verb:set package 'moving' build argument 'cmake_target_skip_unavailable' from command line to 'False'
[0.348s] Level 5:colcon.colcon_core.verb:set package 'moving' build argument 'cmake_clean_cache' from command line to 'False'
[0.348s] Level 5:colcon.colcon_core.verb:set package 'moving' build argument 'cmake_clean_first' from command line to 'False'
[0.348s] Level 5:colcon.colcon_core.verb:set package 'moving' build argument 'cmake_force_configure' from command line to 'False'
[0.348s] Level 5:colcon.colcon_core.verb:set package 'moving' build argument 'ament_cmake_args' from command line to 'None'
[0.348s] Level 5:colcon.colcon_core.verb:set package 'moving' build argument 'catkin_cmake_args' from command line to 'None'
[0.348s] Level 5:colcon.colcon_core.verb:set package 'moving' build argument 'catkin_skip_building_tests' from command line to 'False'
[0.348s] DEBUG:colcon.colcon_core.verb:Building package 'moving' with the following arguments: {'ament_cmake_args': None, 'build_base': '/home/ezy21kl/Documents/Anti-Intruder-Bot/build/moving', 'catkin_cmake_args': None, 'catkin_skip_building_tests': False, 'cmake_args': None, 'cmake_clean_cache': False, 'cmake_clean_first': False, 'cmake_force_configure': False, 'cmake_target': None, 'cmake_target_skip_unavailable': False, 'install_base': '/home/ezy21kl/Documents/Anti-Intruder-Bot/install/moving', 'merge_install': False, 'path': '/home/ezy21kl/Documents/Anti-Intruder-Bot/src/moving', 'symlink_install': False, 'test_result_base': None}
[0.348s] INFO:colcon.colcon_core.executor:Executing jobs using 'parallel' executor
[0.349s] DEBUG:colcon.colcon_parallel_executor.executor.parallel:run_until_complete
[0.349s] INFO:colcon.colcon_ros.task.ament_python.build:Building ROS package in '/home/ezy21kl/Documents/Anti-Intruder-Bot/src/moving' with build type 'ament_python'
[0.349s] Level 1:colcon.colcon_core.shell:create_environment_hook('moving', 'ament_prefix_path')
[0.351s] INFO:colcon.colcon_core.plugin_system:Skipping extension 'colcon_core.shell.bat': Not used on non-Windows systems
[0.351s] INFO:colcon.colcon_core.shell:Creating environment hook '/home/ezy21kl/Documents/Anti-Intruder-Bot/install/moving/share/moving/hook/ament_prefix_path.ps1'
[0.352s] INFO:colcon.colcon_core.shell:Creating environment descriptor '/home/ezy21kl/Documents/Anti-Intruder-Bot/install/moving/share/moving/hook/ament_prefix_path.dsv'
[0.352s] INFO:colcon.colcon_core.shell:Creating environment hook '/home/ezy21kl/Documents/Anti-Intruder-Bot/install/moving/share/moving/hook/ament_prefix_path.sh'
[0.352s] INFO:colcon.colcon_core.shell:Skip shell extension 'powershell' for command environment: Not usable outside of PowerShell
[0.353s] DEBUG:colcon.colcon_core.shell:Skip shell extension 'dsv' for command environment
[0.584s] INFO:colcon.colcon_core.task.python.build:Building Python package in '/home/ezy21kl/Documents/Anti-Intruder-Bot/src/moving'
[0.584s] INFO:colcon.colcon_core.shell:Skip shell extension 'powershell' for command environment: Not usable outside of PowerShell
[0.585s] DEBUG:colcon.colcon_core.shell:Skip shell extension 'dsv' for command environment
[0.900s] DEBUG:colcon.colcon_core.event_handler.log_command:Invoking command in '/home/ezy21kl/Documents/Anti-Intruder-Bot/build/moving': CONDA_PROMPT_MODIFIER=(base) PYTHONPATH=/home/ezy21kl/Documents/Anti-Intruder-Bot/build/moving/prefix_override:/usr/lib/python3/dist-packages/colcon_core/task/python/colcon_distutils_commands:/home/ezy21kl/Documents/Anti-Intruder-Bot/install/moving/lib/python3.10/site-packages:${PYTHONPATH} /usr/bin/python3 -W ignore:setup.py install is deprecated -W ignore:easy_install command is deprecated setup.py develop --uninstall --editable --build-directory /home/ezy21kl/Documents/Anti-Intruder-Bot/build/moving/build
[1.333s] DEBUG:colcon.colcon_core.event_handler.log_command:Invoked command in '/home/ezy21kl/Documents/Anti-Intruder-Bot/build/moving' returned '0': CONDA_PROMPT_MODIFIER=(base) PYTHONPATH=/home/ezy21kl/Documents/Anti-Intruder-Bot/build/moving/prefix_override:/usr/lib/python3/dist-packages/colcon_core/task/python/colcon_distutils_commands:/home/ezy21kl/Documents/Anti-Intruder-Bot/install/moving/lib/python3.10/site-packages:${PYTHONPATH} /usr/bin/python3 -W ignore:setup.py install is deprecated -W ignore:easy_install command is deprecated setup.py develop --uninstall --editable --build-directory /home/ezy21kl/Documents/Anti-Intruder-Bot/build/moving/build
[1.334s] DEBUG:colcon.colcon_core.event_handler.log_command:Invoking command in '/home/ezy21kl/Documents/Anti-Intruder-Bot/src/moving': CONDA_PROMPT_MODIFIER=(base) PYTHONPATH=/home/ezy21kl/Documents/Anti-Intruder-Bot/build/moving/prefix_override:/usr/lib/python3/dist-packages/colcon_core/task/python/colcon_distutils_commands:/home/ezy21kl/Documents/Anti-Intruder-Bot/install/moving/lib/python3.10/site-packages:${PYTHONPATH} /usr/bin/python3 -W ignore:setup.py install is deprecated -W ignore:easy_install command is deprecated setup.py egg_info --egg-base ../../build/moving build --build-base /home/ezy21kl/Documents/Anti-Intruder-Bot/build/moving/build install --record /home/ezy21kl/Documents/Anti-Intruder-Bot/build/moving/install.log --single-version-externally-managed install_data --force
[1.604s] DEBUG:colcon.colcon_core.event_handler.log_command:Invoked command in '/home/ezy21kl/Documents/Anti-Intruder-Bot/src/moving' returned '0': CONDA_PROMPT_MODIFIER=(base) PYTHONPATH=/home/ezy21kl/Documents/Anti-Intruder-Bot/build/moving/prefix_override:/usr/lib/python3/dist-packages/colcon_core/task/python/colcon_distutils_commands:/home/ezy21kl/Documents/Anti-Intruder-Bot/install/moving/lib/python3.10/site-packages:${PYTHONPATH} /usr/bin/python3 -W ignore:setup.py install is deprecated -W ignore:easy_install command is deprecated setup.py egg_info --egg-base ../../build/moving build --build-base /home/ezy21kl/Documents/Anti-Intruder-Bot/build/moving/build install --record /home/ezy21kl/Documents/Anti-Intruder-Bot/build/moving/install.log --single-version-externally-managed install_data --force
[1.606s] Level 1:colcon.colcon_core.environment:checking '/home/ezy21kl/Documents/Anti-Intruder-Bot/install/moving' for CMake module files
[1.606s] Level 1:colcon.colcon_core.environment:checking '/home/ezy21kl/Documents/Anti-Intruder-Bot/install/moving' for CMake config files
[1.606s] Level 1:colcon.colcon_core.environment:checking '/home/ezy21kl/Documents/Anti-Intruder-Bot/install/moving/lib'
[1.607s] Level 1:colcon.colcon_core.environment:checking '/home/ezy21kl/Documents/Anti-Intruder-Bot/install/moving/bin'
[1.607s] Level 1:colcon.colcon_core.environment:checking '/home/ezy21kl/Documents/Anti-Intruder-Bot/install/moving/lib/pkgconfig/moving.pc'
[1.607s] Level 1:colcon.colcon_core.environment:checking '/home/ezy21kl/Documents/Anti-Intruder-Bot/install/moving/lib/python3.10/site-packages'
[1.607s] Level 1:colcon.colcon_core.shell:create_environment_hook('moving', 'pythonpath')
[1.607s] INFO:colcon.colcon_core.shell:Creating environment hook '/home/ezy21kl/Documents/Anti-Intruder-Bot/install/moving/share/moving/hook/pythonpath.ps1'
[1.607s] INFO:colcon.colcon_core.shell:Creating environment descriptor '/home/ezy21kl/Documents/Anti-Intruder-Bot/install/moving/share/moving/hook/pythonpath.dsv'
[1.608s] INFO:colcon.colcon_core.shell:Creating environment hook '/home/ezy21kl/Documents/Anti-Intruder-Bot/install/moving/share/moving/hook/pythonpath.sh'
[1.608s] Level 1:colcon.colcon_core.environment:checking '/home/ezy21kl/Documents/Anti-Intruder-Bot/install/moving/bin'
[1.608s] Level 1:colcon.colcon_core.environment:create_environment_scripts_only(moving)
[1.608s] INFO:colcon.colcon_core.shell:Creating package script '/home/ezy21kl/Documents/Anti-Intruder-Bot/install/moving/share/moving/package.ps1'
[1.609s] INFO:colcon.colcon_core.shell:Creating package descriptor '/home/ezy21kl/Documents/Anti-Intruder-Bot/install/moving/share/moving/package.dsv'
[1.609s] INFO:colcon.colcon_core.shell:Creating package script '/home/ezy21kl/Documents/Anti-Intruder-Bot/install/moving/share/moving/package.sh'
[1.610s] INFO:colcon.colcon_core.shell:Creating package script '/home/ezy21kl/Documents/Anti-Intruder-Bot/install/moving/share/moving/package.bash'
[1.610s] INFO:colcon.colcon_core.shell:Creating package script '/home/ezy21kl/Documents/Anti-Intruder-Bot/install/moving/share/moving/package.zsh'
[1.611s] Level 1:colcon.colcon_core.environment:create_file_with_runtime_dependencies(/home/ezy21kl/Documents/Anti-Intruder-Bot/install/moving/share/colcon-core/packages/moving)
[1.611s] DEBUG:colcon.colcon_parallel_executor.executor.parallel:closing loop
[1.611s] DEBUG:colcon.colcon_parallel_executor.executor.parallel:loop closed
[1.611s] DEBUG:colcon.colcon_parallel_executor.executor.parallel:run_until_complete finished with '0'
[1.612s] DEBUG:colcon.colcon_core.event_reactor:joining thread
[1.615s] INFO:colcon.colcon_core.plugin_system:Skipping extension 'colcon_notification.desktop_notification.terminal_notifier': Not used on non-Darwin systems
[1.615s] INFO:colcon.colcon_core.plugin_system:Skipping extension 'colcon_notification.desktop_notification.win32': Not used on non-Windows systems
[1.615s] INFO:colcon.colcon_notification.desktop_notification:Sending desktop notification using 'notify2'
[1.623s] DEBUG:colcon.colcon_core.event_reactor:joined thread
[1.623s] INFO:colcon.colcon_core.shell:Creating prefix script '/home/ezy21kl/Documents/Anti-Intruder-Bot/install/local_setup.ps1'
[1.624s] INFO:colcon.colcon_core.shell:Creating prefix util module '/home/ezy21kl/Documents/Anti-Intruder-Bot/install/_local_setup_util_ps1.py'
[1.625s] INFO:colcon.colcon_core.shell:Creating prefix chain script '/home/ezy21kl/Documents/Anti-Intruder-Bot/install/setup.ps1'
[1.626s] INFO:colcon.colcon_core.shell:Creating prefix script '/home/ezy21kl/Documents/Anti-Intruder-Bot/install/local_setup.sh'
[1.627s] INFO:colcon.colcon_core.shell:Creating prefix util module '/home/ezy21kl/Documents/Anti-Intruder-Bot/install/_local_setup_util_sh.py'
[1.627s] INFO:colcon.colcon_core.shell:Creating prefix chain script '/home/ezy21kl/Documents/Anti-Intruder-Bot/install/setup.sh'
[1.628s] INFO:colcon.colcon_core.shell:Creating prefix script '/home/ezy21kl/Documents/Anti-Intruder-Bot/install/local_setup.bash'
[1.628s] INFO:colcon.colcon_core.shell:Creating prefix chain script '/home/ezy21kl/Documents/Anti-Intruder-Bot/install/setup.bash'
[1.629s] INFO:colcon.colcon_core.shell:Creating prefix script '/home/ezy21kl/Documents/Anti-Intruder-Bot/install/local_setup.zsh'
[1.629s] INFO:colcon.colcon_core.shell:Creating prefix chain script '/home/ezy21kl/Documents/Anti-Intruder-Bot/install/setup.zsh'
