[0.554s] Invoking command in '/home/ezy21kl/Documents/Anti-Intruder-Bot/build/moving': CONDA_PROMPT_MODIFIER=(base) PYTHONPATH=/home/ezy21kl/Documents/Anti-Intruder-Bot/build/moving/prefix_override:/usr/lib/python3/dist-packages/colcon_core/task/python/colcon_distutils_commands:/home/ezy21kl/Documents/Anti-Intruder-Bot/install/moving/lib/python3.10/site-packages:${PYTHONPATH} /usr/bin/python3 -W ignore:setup.py install is deprecated -W ignore:easy_install command is deprecated setup.py develop --editable --build-directory /home/ezy21kl/Documents/Anti-Intruder-Bot/build/moving/build --no-deps symlink_data
[0.796s] running develop
[0.965s] running egg_info
[0.965s] creating pubsub_turtle.egg-info
[0.966s] writing pubsub_turtle.egg-info/PKG-INFO
[0.966s] writing dependency_links to pubsub_turtle.egg-info/dependency_links.txt
[0.966s] writing entry points to pubsub_turtle.egg-info/entry_points.txt
[0.966s] writing requirements to pubsub_turtle.egg-info/requires.txt
[0.966s] writing top-level names to pubsub_turtle.egg-info/top_level.txt
[0.966s] writing manifest file 'pubsub_turtle.egg-info/SOURCES.txt'
[0.967s] reading manifest file 'pubsub_turtle.egg-info/SOURCES.txt'
[0.968s] writing manifest file 'pubsub_turtle.egg-info/SOURCES.txt'
[0.969s] running build_ext
[0.969s] Creating /home/ezy21kl/Documents/Anti-Intruder-Bot/install/moving/lib/python3.10/site-packages/pubsub-turtle.egg-link (link to .)
[0.970s] Installing computation_controller script to /home/ezy21kl/Documents/Anti-Intruder-Bot/install/moving/lib/pubsub_turtle
[0.970s] Installing move_controller script to /home/ezy21kl/Documents/Anti-Intruder-Bot/install/moving/lib/pubsub_turtle
[0.970s] 
[0.970s] Installed /home/ezy21kl/Documents/Anti-Intruder-Bot/build/moving
[0.970s] running symlink_data
[0.970s] error: can't copy '/home/ezy21kl/Documents/Anti-Intruder-Bot/build/moving/resource/pubsub_turtle': doesn't exist or not a regular file
[0.990s] Invoked command in '/home/ezy21kl/Documents/Anti-Intruder-Bot/build/moving' returned '1': CONDA_PROMPT_MODIFIER=(base) PYTHONPATH=/home/ezy21kl/Documents/Anti-Intruder-Bot/build/moving/prefix_override:/usr/lib/python3/dist-packages/colcon_core/task/python/colcon_distutils_commands:/home/ezy21kl/Documents/Anti-Intruder-Bot/install/moving/lib/python3.10/site-packages:${PYTHONPATH} /usr/bin/python3 -W ignore:setup.py install is deprecated -W ignore:easy_install command is deprecated setup.py develop --editable --build-directory /home/ezy21kl/Documents/Anti-Intruder-Bot/build/moving/build --no-deps symlink_data
